// Jest Snapshot v1, https://goo.gl/fbAQLP

exports[`markersPrototype toString should provide a string representation of own and inherited properties 1`] = `
"Markers {
  anchor: true
  edits: \\"none\\"
  lang: \\"en\\"
  olNestLevel: -1
  ulNestLevel: -1
  direction: \\"ltr\\"
}"
`;
