// Jest Snapshot v1, https://goo.gl/fbAQLP

exports[`hoist function should comply with RFC002 example (hoisting)  1`] = `
TBlock {
  "attributes": Object {
    "href": "https://domain.com",
  },
  "children": Array [
    TPhrasingAnchor {
      "attributes": Object {},
      "children": Array [
        TText {
          "attributes": Object {},
          "children": Array [],
          "className": null,
          "data": "
This is
",
          "hasWhiteSpaceCollapsingEnabled": true,
          "id": null,
          "isAnchor": false,
          "parentStyles": TStyles {
            "nativeBlockFlow": Object {},
            "nativeBlockRet": Object {},
            "nativeTextFlow": Object {},
            "nativeTextRet": Object {},
            "webTextFlow": Object {},
          },
          "styles": TStyles {
            "nativeBlockFlow": Object {},
            "nativeBlockRet": Object {},
            "nativeTextFlow": Object {},
            "nativeTextRet": Object {},
            "webTextFlow": Object {},
          },
          "tagName": null,
          "type": "text",
        },
        TText {
          "attributes": Object {},
          "children": Array [],
          "className": null,
          "data": "phrasing content",
          "hasWhiteSpaceCollapsingEnabled": true,
          "id": null,
          "isAnchor": false,
          "parentStyles": TStyles {
            "nativeBlockFlow": Object {},
            "nativeBlockRet": Object {},
            "nativeTextFlow": Object {},
            "nativeTextRet": Object {},
            "webTextFlow": Object {},
          },
          "styles": TStyles {
            "nativeBlockFlow": Object {},
            "nativeBlockRet": Object {},
            "nativeTextFlow": Object {},
            "nativeTextRet": Object {},
            "webTextFlow": Object {},
          },
          "tagName": "span",
          "type": "text",
        },
        TText {
          "attributes": Object {},
          "children": Array [],
          "className": null,
          "data": "
",
          "hasWhiteSpaceCollapsingEnabled": true,
          "id": null,
          "isAnchor": false,
          "parentStyles": TStyles {
            "nativeBlockFlow": Object {},
            "nativeBlockRet": Object {},
            "nativeTextFlow": Object {},
            "nativeTextRet": Object {},
            "webTextFlow": Object {},
          },
          "styles": TStyles {
            "nativeBlockFlow": Object {},
            "nativeBlockRet": Object {},
            "nativeTextFlow": Object {},
            "nativeTextRet": Object {},
            "webTextFlow": Object {},
          },
          "tagName": null,
          "type": "text",
        },
      ],
      "className": null,
      "hasWhiteSpaceCollapsingEnabled": true,
      "href": "https://domain.com",
      "id": null,
      "isAnchor": true,
      "parentStyles": null,
      "styles": TStyles {
        "nativeBlockFlow": Object {},
        "nativeBlockRet": Object {},
        "nativeTextFlow": Object {},
        "nativeTextRet": Object {},
        "webTextFlow": Object {},
      },
      "tagName": null,
      "type": "phrasing",
    },
    TBlockAnchor {
      "attributes": Object {
        "src": "https://domain.com/logo.jpg",
      },
      "children": Array [],
      "className": null,
      "hasWhiteSpaceCollapsingEnabled": true,
      "href": "https://domain.com",
      "id": null,
      "isAnchor": true,
      "parentStyles": null,
      "styles": TStyles {
        "nativeBlockFlow": Object {},
        "nativeBlockRet": Object {},
        "nativeTextFlow": Object {},
        "nativeTextRet": Object {},
        "webTextFlow": Object {},
      },
      "tagName": "img",
      "type": "block",
    },
    TPhrasingAnchor {
      "attributes": Object {},
      "children": Array [
        TText {
          "attributes": Object {},
          "children": Array [],
          "className": null,
          "data": "
    and this is ",
          "hasWhiteSpaceCollapsingEnabled": true,
          "id": null,
          "isAnchor": false,
          "parentStyles": TStyles {
            "nativeBlockFlow": Object {},
            "nativeBlockRet": Object {},
            "nativeTextFlow": Object {},
            "nativeTextRet": Object {},
            "webTextFlow": Object {},
          },
          "styles": TStyles {
            "nativeBlockFlow": Object {},
            "nativeBlockRet": Object {},
            "nativeTextFlow": Object {},
            "nativeTextRet": Object {},
            "webTextFlow": Object {},
          },
          "tagName": null,
          "type": "text",
        },
        TText {
          "attributes": Object {},
          "children": Array [],
          "className": null,
          "data": "too",
          "hasWhiteSpaceCollapsingEnabled": true,
          "id": null,
          "isAnchor": false,
          "parentStyles": TStyles {
            "nativeBlockFlow": Object {},
            "nativeBlockRet": Object {},
            "nativeTextFlow": Object {},
            "nativeTextRet": Object {},
            "webTextFlow": Object {},
          },
          "styles": TStyles {
            "nativeBlockFlow": Object {},
            "nativeBlockRet": Object {},
            "nativeTextFlow": Object {},
            "nativeTextRet": Object {},
            "webTextFlow": Object {},
          },
          "tagName": "strong",
          "type": "text",
        },
        TText {
          "attributes": Object {},
          "children": Array [],
          "className": null,
          "data": ".
",
          "hasWhiteSpaceCollapsingEnabled": true,
          "id": null,
          "isAnchor": false,
          "parentStyles": TStyles {
            "nativeBlockFlow": Object {},
            "nativeBlockRet": Object {},
            "nativeTextFlow": Object {},
            "nativeTextRet": Object {},
            "webTextFlow": Object {},
          },
          "styles": TStyles {
            "nativeBlockFlow": Object {},
            "nativeBlockRet": Object {},
            "nativeTextFlow": Object {},
            "nativeTextRet": Object {},
            "webTextFlow": Object {},
          },
          "tagName": null,
          "type": "text",
        },
      ],
      "className": null,
      "hasWhiteSpaceCollapsingEnabled": true,
      "href": "https://domain.com",
      "id": null,
      "isAnchor": true,
      "parentStyles": null,
      "styles": TStyles {
        "nativeBlockFlow": Object {},
        "nativeBlockRet": Object {},
        "nativeTextFlow": Object {},
        "nativeTextRet": Object {},
        "webTextFlow": Object {},
      },
      "tagName": null,
      "type": "phrasing",
    },
  ],
  "className": null,
  "hasWhiteSpaceCollapsingEnabled": true,
  "id": null,
  "isAnchor": false,
  "parentStyles": null,
  "styles": TStyles {
    "nativeBlockFlow": Object {},
    "nativeBlockRet": Object {},
    "nativeTextFlow": Object {},
    "nativeTextRet": Object {},
    "webTextFlow": Object {},
  },
  "tagName": "a",
  "type": "block",
}
`;
