// Jest Snapshot v1, https://goo.gl/fbAQLP

exports[`translateNode function should comply with RFC002 example (translating) 1`] = `
TPhrasingAnchor {
  "attributes": Object {
    "href": "https://domain.com",
  },
  "children": Array [
    TText {
      "attributes": Object {},
      "children": Array [],
      "data": "
This is
",
      "hasWhiteSpaceCollapsingEnabled": true,
      "isAnchor": false,
      "parentStyles": TStyles {
        "nativeBlockFlow": Object {},
        "nativeBlockRet": Object {},
        "nativeTextFlow": Object {},
        "nativeTextRet": Object {},
        "webTextFlow": Object {},
      },
      "styles": TStyles {
        "nativeBlockFlow": Object {},
        "nativeBlockRet": Object {},
        "nativeTextFlow": Object {},
        "nativeTextRet": Object {},
        "webTextFlow": Object {},
      },
      "tagName": null,
      "type": "text",
    },
    TText {
      "attributes": Object {},
      "children": Array [],
      "data": "phrasing content",
      "hasWhiteSpaceCollapsingEnabled": true,
      "isAnchor": false,
      "parentStyles": TStyles {
        "nativeBlockFlow": Object {},
        "nativeBlockRet": Object {},
        "nativeTextFlow": Object {},
        "nativeTextRet": Object {},
        "webTextFlow": Object {},
      },
      "styles": TStyles {
        "nativeBlockFlow": Object {},
        "nativeBlockRet": Object {},
        "nativeTextFlow": Object {},
        "nativeTextRet": Object {},
        "webTextFlow": Object {},
      },
      "tagName": "span",
      "type": "text",
    },
    TText {
      "attributes": Object {},
      "children": Array [],
      "data": "
",
      "hasWhiteSpaceCollapsingEnabled": true,
      "isAnchor": false,
      "parentStyles": TStyles {
        "nativeBlockFlow": Object {},
        "nativeBlockRet": Object {},
        "nativeTextFlow": Object {},
        "nativeTextRet": Object {},
        "webTextFlow": Object {},
      },
      "styles": TStyles {
        "nativeBlockFlow": Object {},
        "nativeBlockRet": Object {},
        "nativeTextFlow": Object {},
        "nativeTextRet": Object {},
        "webTextFlow": Object {},
      },
      "tagName": null,
      "type": "text",
    },
    TBlock {
      "attributes": Object {
        "src": "https://domain.com/logo.jpg",
      },
      "children": Array [],
      "hasWhiteSpaceCollapsingEnabled": true,
      "isAnchor": false,
      "parentStyles": TStyles {
        "nativeBlockFlow": Object {},
        "nativeBlockRet": Object {},
        "nativeTextFlow": Object {},
        "nativeTextRet": Object {},
        "webTextFlow": Object {},
      },
      "styles": TStyles {
        "nativeBlockFlow": Object {},
        "nativeBlockRet": Object {},
        "nativeTextFlow": Object {},
        "nativeTextRet": Object {},
        "webTextFlow": Object {},
      },
      "tagName": "img",
      "type": "block",
    },
    TText {
      "attributes": Object {},
      "children": Array [],
      "data": "
    and this is ",
      "hasWhiteSpaceCollapsingEnabled": true,
      "isAnchor": false,
      "parentStyles": TStyles {
        "nativeBlockFlow": Object {},
        "nativeBlockRet": Object {},
        "nativeTextFlow": Object {},
        "nativeTextRet": Object {},
        "webTextFlow": Object {},
      },
      "styles": TStyles {
        "nativeBlockFlow": Object {},
        "nativeBlockRet": Object {},
        "nativeTextFlow": Object {},
        "nativeTextRet": Object {},
        "webTextFlow": Object {},
      },
      "tagName": null,
      "type": "text",
    },
    TText {
      "attributes": Object {},
      "children": Array [],
      "data": "too",
      "hasWhiteSpaceCollapsingEnabled": true,
      "isAnchor": false,
      "parentStyles": TStyles {
        "nativeBlockFlow": Object {},
        "nativeBlockRet": Object {},
        "nativeTextFlow": Object {},
        "nativeTextRet": Object {},
        "webTextFlow": Object {},
      },
      "styles": TStyles {
        "nativeBlockFlow": Object {},
        "nativeBlockRet": Object {},
        "nativeTextFlow": Object {},
        "nativeTextRet": Object {},
        "webTextFlow": Object {},
      },
      "tagName": "strong",
      "type": "text",
    },
    TText {
      "attributes": Object {},
      "children": Array [],
      "data": ".
",
      "hasWhiteSpaceCollapsingEnabled": true,
      "isAnchor": false,
      "parentStyles": TStyles {
        "nativeBlockFlow": Object {},
        "nativeBlockRet": Object {},
        "nativeTextFlow": Object {},
        "nativeTextRet": Object {},
        "webTextFlow": Object {},
      },
      "styles": TStyles {
        "nativeBlockFlow": Object {},
        "nativeBlockRet": Object {},
        "nativeTextFlow": Object {},
        "nativeTextRet": Object {},
        "webTextFlow": Object {},
      },
      "tagName": null,
      "type": "text",
    },
  ],
  "hasWhiteSpaceCollapsingEnabled": true,
  "href": "https://domain.com",
  "isAnchor": true,
  "parentStyles": null,
  "styles": TStyles {
    "nativeBlockFlow": Object {},
    "nativeBlockRet": Object {},
    "nativeTextFlow": Object {},
    "nativeTextRet": Object {},
    "webTextFlow": Object {},
  },
  "tagName": "a",
  "type": "phrasing",
}
`;
