// Jest Snapshot v1, https://goo.gl/fbAQLP

exports[`tnodeToString should handle deeply nested tags 1`] = `
"•TBlock(tag=div)
 ├─•TBlock(tag=div)
 │ ├─•TPhrasing(tag=span)
 │ │ ├─•TText(anonymous,data=\\"A\\")
 │ │ └─•TText(tag=em,data=\\"a\\")
 │ └─•TText(tag=span,data=\\"B\\")
 └─•TPhrasing(tag=span)
   ├─•TText(anonymous,data=\\"C\\")
   └─•TText(tag=strong,data=\\"D\\")
"
`;
