// Jest Snapshot v1, https://goo.gl/fbAQLP

exports[`translateNode function should comply with RFC002 example (translating) 1`] = `
<TPhrasing tagName="a" nodeIndex={0} href="https://domain.com">
  <TText anonymous nodeIndex={0} data="\\nThis is\\n" />
  <TText tagName="span" nodeIndex={1} data="phrasing content" />
  <TText anonymous nodeIndex={2} data="\\n" />
  <TBlock tagName="img" nodeIndex={3} src="https://domain.com/logo.jpg" />
  <TText anonymous nodeIndex={4} data="\\n    and this is " />
  <TText tagName="strong" nodeIndex={5} data="too" />
  <TText anonymous nodeIndex={6} data=".\\n" />
</TPhrasing>
`;

exports[`translateNode function should ignore unregistered tags 1`] = `<TEmpty tagName="nonexistingtag" unregistered nodeIndex={0} />`;

exports[`translateNode function should pass regression with rgb() including spaces 1`] = `<TText tagName="span" nodeIndex={0} data="A" nativeStyles={{ color: "rgb(101, 123, 131)" }} />`;

exports[`translateNode function should translate a phrasing element with one text child node to a TText element 1`] = `
<TPhrasing tagName="span" nodeIndex={0}>
  <TText tagName="strong" nodeIndex={0} data="Hello!" />
</TPhrasing>
`;

exports[`translateNode function should translate styles (1) 1`] = `<TBlock tagName="div" nodeIndex={0} />`;

exports[`translateNode function should translate styles (2) 1`] = `
<TPhrasing tagName="a" nodeIndex={0} href="http://google.fr">
  <TBlock tagName="div" nodeIndex={0} nativeStyles={{ backgroundColor: "red" }} />
</TPhrasing>
`;
