// Jest Snapshot v1, https://goo.gl/fbAQLP

exports[`tnodeToString should cut data strings over 24 characters with ellipsis 1`] = `
"•TText(tag=span,data[\\"This very long string sh\\"…])
"
`;

exports[`tnodeToString should handle deeply nested tags 1`] = `
"•TBlock(tag=div)
 ├─•TBlock(tag=div)
 │ ├─•TPhrasing(tag=span)
 │ │ ├─•TText(anonymous,data[\\"A\\"])
 │ │ └─•TText(tag=em,data[\\"a\\"])
 │ └─•TText(tag=span,data[\\"B\\"])
 └─•TPhrasing(tag=span)
   ├─•TText(anonymous,data[\\"C\\"])
   └─•TText(tag=strong,data[\\"D\\"])
"
`;

exports[`tnodeToString should print ids, classes and anchors 1`] = `
"•TText(tag=a,id=first,classes=special,data[\\"\\"],anchor[https://])
"
`;
